2026-07-06 15:04:40 +0530 site_monitor: start (runner=/data/data/com.termux/files/home/site_monitor/run_daily.sh)
2026-07-06 15:10:46 +0530 site_monitor: end rc=0
2026-07-06 15:10:46 +0530 site_monitor: success (2026-07-06)
2026-07-07 10:00:08 +0530 site_monitor: network unavailable; deferring (no success mark)
2026-07-07 10:30:04 +0530 site_monitor: start (runner=/data/data/com.termux/files/home/site_monitor/run_daily.sh)
2026-07-07 10:36:27 +0530 site_monitor: end rc=0
2026-07-07 10:36:27 +0530 site_monitor: success (2026-07-07)
2026-07-08 10:00:02 +0530 site_monitor: start (runner=/data/data/com.termux/files/home/site_monitor/run_daily.sh)
2026-07-08 10:00:02 +0530 site_monitor: lock held; skipping
2026-07-08 10:06:07 +0530 site_monitor: end rc=0
2026-07-08 10:06:07 +0530 site_monitor: success (2026-07-08)
2026-07-09 10:00:02 +0530 site_monitor: start (runner=/data/data/com.termux/files/home/site_monitor/run_daily.sh)
2026-07-09 10:00:04 +0530 site_monitor: lock held; skipping
2026-07-09 10:06:44 +0530 site_monitor: end rc=0
2026-07-09 10:06:44 +0530 site_monitor: success (2026-07-09)
2026-07-10 10:00:01 +0530 site_monitor: start (runner=/data/data/com.termux/files/home/site_monitor/run_daily.sh)
2026-07-10 10:00:04 +0530 site_monitor: lock held; skipping
2026-07-10 10:06:18 +0530 site_monitor: end rc=0
2026-07-10 10:06:18 +0530 site_monitor: success (2026-07-10)
2026-07-11 10:00:02 +0530 site_monitor: start (runner=/data/data/com.termux/files/home/site_monitor/run_daily.sh)
2026-07-11 10:00:03 +0530 site_monitor: lock held; skipping
2026-07-11 10:06:03 +0530 site_monitor: end rc=0
2026-07-11 10:06:03 +0530 site_monitor: success (2026-07-11)
2026-07-12 10:00:01 +0530 site_monitor: start (runner=/data/data/com.termux/files/home/site_monitor/run_daily.sh)
2026-07-12 10:00:03 +0530 site_monitor: lock held; skipping
2026-07-12 10:06:14 +0530 site_monitor: end rc=1
2026-07-12 10:30:03 +0530 site_monitor: start (runner=/data/data/com.termux/files/home/site_monitor/run_daily.sh)
2026-07-12 10:36:02 +0530 site_monitor: end rc=1
2026-07-12 11:00:03 +0530 site_monitor: start (runner=/data/data/com.termux/files/home/site_monitor/run_daily.sh)
2026-07-12 11:05:57 +0530 site_monitor: end rc=1
2026-07-12 11:30:03 +0530 site_monitor: start (runner=/data/data/com.termux/files/home/site_monitor/run_daily.sh)
2026-07-12 11:35:59 +0530 site_monitor: end rc=1
2026-07-12 12:00:03 +0530 site_monitor: start (runner=/data/data/com.termux/files/home/site_monitor/run_daily.sh)
2026-07-12 12:06:03 +0530 site_monitor: end rc=1
2026-07-12 12:30:07 +0530 site_monitor: start (runner=/data/data/com.termux/files/home/site_monitor/run_daily.sh)
2026-07-12 12:36:15 +0530 site_monitor: end rc=1
2026-07-12 13:00:03 +0530 site_monitor: start (runner=/data/data/com.termux/files/home/site_monitor/run_daily.sh)
2026-07-12 13:06:00 +0530 site_monitor: end rc=1
2026-07-12 13:30:03 +0530 site_monitor: start (runner=/data/data/com.termux/files/home/site_monitor/run_daily.sh)
2026-07-12 13:36:01 +0530 site_monitor: end rc=1
2026-07-12 14:00:03 +0530 site_monitor: start (runner=/data/data/com.termux/files/home/site_monitor/run_daily.sh)
2026-07-12 14:06:22 +0530 site_monitor: end rc=1
2026-07-12 14:30:03 +0530 site_monitor: start (runner=/data/data/com.termux/files/home/site_monitor/run_daily.sh)
2026-07-12 14:36:08 +0530 site_monitor: end rc=1
2026-07-12 15:00:03 +0530 site_monitor: start (runner=/data/data/com.termux/files/home/site_monitor/run_daily.sh)
2026-07-12 15:06:06 +0530 site_monitor: end rc=1
2026-07-12 15:30:03 +0530 site_monitor: start (runner=/data/data/com.termux/files/home/site_monitor/run_daily.sh)
2026-07-12 15:35:58 +0530 site_monitor: end rc=1
2026-07-12 16:00:05 +0530 site_monitor: start (runner=/data/data/com.termux/files/home/site_monitor/run_daily.sh)
2026-07-12 16:06:11 +0530 site_monitor: end rc=1
2026-07-12 16:30:05 +0530 site_monitor: start (runner=/data/data/com.termux/files/home/site_monitor/run_daily.sh)
2026-07-12 16:36:06 +0530 site_monitor: end rc=1
2026-07-12 17:00:05 +0530 site_monitor: start (runner=/data/data/com.termux/files/home/site_monitor/run_daily.sh)
2026-07-12 17:05:55 +0530 site_monitor: end rc=1
2026-07-12 17:30:06 +0530 site_monitor: start (runner=/data/data/com.termux/files/home/site_monitor/run_daily.sh)
2026-07-12 17:36:03 +0530 site_monitor: end rc=1
2026-07-12 18:00:03 +0530 site_monitor: start (runner=/data/data/com.termux/files/home/site_monitor/run_daily.sh)
2026-07-12 18:06:05 +0530 site_monitor: end rc=1
2026-07-12 18:30:03 +0530 site_monitor: start (runner=/data/data/com.termux/files/home/site_monitor/run_daily.sh)
2026-07-12 18:36:12 +0530 site_monitor: end rc=1
2026-07-12 19:00:03 +0530 site_monitor: start (runner=/data/data/com.termux/files/home/site_monitor/run_daily.sh)
2026-07-12 19:06:13 +0530 site_monitor: end rc=1
2026-07-12 19:30:03 +0530 site_monitor: start (runner=/data/data/com.termux/files/home/site_monitor/run_daily.sh)
2026-07-12 19:36:02 +0530 site_monitor: end rc=1
2026-07-12 20:00:07 +0530 site_monitor: start (runner=/data/data/com.termux/files/home/site_monitor/run_daily.sh)
2026-07-12 20:06:06 +0530 site_monitor: end rc=1
2026-07-12 20:30:03 +0530 site_monitor: start (runner=/data/data/com.termux/files/home/site_monitor/run_daily.sh)
2026-07-12 20:36:02 +0530 site_monitor: end rc=1
2026-07-12 21:00:03 +0530 site_monitor: start (runner=/data/data/com.termux/files/home/site_monitor/run_daily.sh)
2026-07-12 21:06:03 +0530 site_monitor: end rc=1
2026-07-12 21:30:04 +0530 site_monitor: start (runner=/data/data/com.termux/files/home/site_monitor/run_daily.sh)
2026-07-12 21:36:05 +0530 site_monitor: end rc=1
2026-07-12 22:00:04 +0530 site_monitor: start (runner=/data/data/com.termux/files/home/site_monitor/run_daily.sh)
2026-07-12 22:06:00 +0530 site_monitor: end rc=1
2026-07-12 22:30:04 +0530 site_monitor: start (runner=/data/data/com.termux/files/home/site_monitor/run_daily.sh)
2026-07-12 22:35:58 +0530 site_monitor: end rc=1
2026-07-12 23:00:04 +0530 site_monitor: start (runner=/data/data/com.termux/files/home/site_monitor/run_daily.sh)
2026-07-12 23:06:04 +0530 site_monitor: end rc=1
2026-07-12 23:30:03 +0530 site_monitor: start (runner=/data/data/com.termux/files/home/site_monitor/run_daily.sh)
2026-07-12 23:36:08 +0530 site_monitor: end rc=1
2026-07-13 10:00:01 +0530 site_monitor: start (runner=/data/data/com.termux/files/home/site_monitor/run_daily.sh)
2026-07-13 10:00:03 +0530 site_monitor: lock held; skipping
2026-07-13 10:06:17 +0530 site_monitor: end rc=1
2026-07-13 10:30:05 +0530 site_monitor: start (runner=/data/data/com.termux/files/home/site_monitor/run_daily.sh)
2026-07-13 10:36:15 +0530 site_monitor: end rc=1
2026-07-13 11:00:05 +0530 site_monitor: start (runner=/data/data/com.termux/files/home/site_monitor/run_daily.sh)
2026-07-13 11:06:08 +0530 site_monitor: end rc=1
2026-07-13 11:30:05 +0530 site_monitor: start (runner=/data/data/com.termux/files/home/site_monitor/run_daily.sh)
2026-07-13 11:36:08 +0530 site_monitor: end rc=1
2026-07-13 12:00:04 +0530 site_monitor: start (runner=/data/data/com.termux/files/home/site_monitor/run_daily.sh)
2026-07-13 12:06:21 +0530 site_monitor: end rc=1
2026-07-13 12:30:09 +0530 site_monitor: start (runner=/data/data/com.termux/files/home/site_monitor/run_daily.sh)
2026-07-13 12:36:20 +0530 site_monitor: end rc=1
2026-07-13 13:00:06 +0530 site_monitor: start (runner=/data/data/com.termux/files/home/site_monitor/run_daily.sh)
2026-07-13 13:06:13 +0530 site_monitor: end rc=1
2026-07-13 13:30:04 +0530 site_monitor: start (runner=/data/data/com.termux/files/home/site_monitor/run_daily.sh)
2026-07-13 13:36:13 +0530 site_monitor: end rc=1
2026-07-13 14:00:06 +0530 site_monitor: start (runner=/data/data/com.termux/files/home/site_monitor/run_daily.sh)
2026-07-13 14:06:14 +0530 site_monitor: end rc=1
2026-07-13 14:30:05 +0530 site_monitor: start (runner=/data/data/com.termux/files/home/site_monitor/run_daily.sh)
2026-07-13 14:36:17 +0530 site_monitor: end rc=1
2026-07-13 15:00:04 +0530 site_monitor: start (runner=/data/data/com.termux/files/home/site_monitor/run_daily.sh)
2026-07-13 15:06:18 +0530 site_monitor: end rc=1
2026-07-13 15:30:04 +0530 site_monitor: start (runner=/data/data/com.termux/files/home/site_monitor/run_daily.sh)
2026-07-13 15:36:02 +0530 site_monitor: end rc=1
2026-07-13 16:00:04 +0530 site_monitor: start (runner=/data/data/com.termux/files/home/site_monitor/run_daily.sh)
2026-07-13 16:06:07 +0530 site_monitor: end rc=1
2026-07-13 16:30:05 +0530 site_monitor: start (runner=/data/data/com.termux/files/home/site_monitor/run_daily.sh)
2026-07-13 16:36:13 +0530 site_monitor: end rc=1
2026-07-13 17:00:10 +0530 site_monitor: start (runner=/data/data/com.termux/files/home/site_monitor/run_daily.sh)
2026-07-13 17:06:25 +0530 site_monitor: end rc=1
2026-07-13 17:30:05 +0530 site_monitor: start (runner=/data/data/com.termux/files/home/site_monitor/run_daily.sh)
2026-07-13 17:36:05 +0530 site_monitor: end rc=1
2026-07-13 18:00:05 +0530 site_monitor: start (runner=/data/data/com.termux/files/home/site_monitor/run_daily.sh)
2026-07-13 18:06:18 +0530 site_monitor: end rc=1
2026-07-13 18:30:05 +0530 site_monitor: start (runner=/data/data/com.termux/files/home/site_monitor/run_daily.sh)
2026-07-13 18:36:03 +0530 site_monitor: end rc=1
2026-07-13 19:00:03 +0530 site_monitor: start (runner=/data/data/com.termux/files/home/site_monitor/run_daily.sh)
2026-07-13 19:06:10 +0530 site_monitor: end rc=1
2026-07-13 19:30:03 +0530 site_monitor: start (runner=/data/data/com.termux/files/home/site_monitor/run_daily.sh)
2026-07-13 19:35:59 +0530 site_monitor: end rc=1
2026-07-13 20:00:03 +0530 site_monitor: start (runner=/data/data/com.termux/files/home/site_monitor/run_daily.sh)
2026-07-13 20:06:13 +0530 site_monitor: end rc=1
2026-07-13 20:30:03 +0530 site_monitor: start (runner=/data/data/com.termux/files/home/site_monitor/run_daily.sh)
2026-07-13 20:35:57 +0530 site_monitor: end rc=1
2026-07-13 21:00:04 +0530 site_monitor: start (runner=/data/data/com.termux/files/home/site_monitor/run_daily.sh)
2026-07-13 21:06:05 +0530 site_monitor: end rc=1
2026-07-13 21:30:07 +0530 site_monitor: start (runner=/data/data/com.termux/files/home/site_monitor/run_daily.sh)
2026-07-13 21:36:02 +0530 site_monitor: end rc=1
2026-07-13 22:00:06 +0530 site_monitor: start (runner=/data/data/com.termux/files/home/site_monitor/run_daily.sh)
2026-07-13 22:06:08 +0530 site_monitor: end rc=1
2026-07-13 22:30:05 +0530 site_monitor: start (runner=/data/data/com.termux/files/home/site_monitor/run_daily.sh)
2026-07-13 22:36:12 +0530 site_monitor: end rc=1
2026-07-13 23:00:05 +0530 site_monitor: start (runner=/data/data/com.termux/files/home/site_monitor/run_daily.sh)
2026-07-13 23:06:09 +0530 site_monitor: end rc=1
2026-07-13 23:30:07 +0530 site_monitor: start (runner=/data/data/com.termux/files/home/site_monitor/run_daily.sh)
2026-07-13 23:36:05 +0530 site_monitor: end rc=1
2026-07-14 10:00:03 +0530 site_monitor: start (runner=/data/data/com.termux/files/home/site_monitor/run_daily.sh)
2026-07-14 10:00:05 +0530 site_monitor: lock held; skipping
2026-07-14 10:06:16 +0530 site_monitor: end rc=1
2026-07-14 10:30:04 +0530 site_monitor: start (runner=/data/data/com.termux/files/home/site_monitor/run_daily.sh)
2026-07-14 10:36:41 +0530 site_monitor: end rc=1
2026-07-14 11:00:04 +0530 site_monitor: start (runner=/data/data/com.termux/files/home/site_monitor/run_daily.sh)
2026-07-14 11:06:06 +0530 site_monitor: end rc=1
2026-07-14 11:30:09 +0530 site_monitor: start (runner=/data/data/com.termux/files/home/site_monitor/run_daily.sh)
2026-07-14 11:36:28 +0530 site_monitor: end rc=1
2026-07-14 12:00:06 +0530 site_monitor: start (runner=/data/data/com.termux/files/home/site_monitor/run_daily.sh)
2026-07-14 12:06:14 +0530 site_monitor: end rc=1
2026-07-14 13:00:06 +0530 site_monitor: start (runner=/data/data/com.termux/files/home/site_monitor/run_daily.sh)
2026-07-14 13:06:08 +0530 site_monitor: end rc=1
2026-07-14 13:30:07 +0530 site_monitor: start (runner=/data/data/com.termux/files/home/site_monitor/run_daily.sh)
2026-07-14 13:36:14 +0530 site_monitor: end rc=1
2026-07-14 14:00:05 +0530 site_monitor: start (runner=/data/data/com.termux/files/home/site_monitor/run_daily.sh)
2026-07-14 14:06:02 +0530 site_monitor: end rc=1
2026-07-14 14:30:05 +0530 site_monitor: start (runner=/data/data/com.termux/files/home/site_monitor/run_daily.sh)
2026-07-14 14:36:19 +0530 site_monitor: end rc=1
2026-07-14 15:00:05 +0530 site_monitor: start (runner=/data/data/com.termux/files/home/site_monitor/run_daily.sh)
2026-07-14 15:06:25 +0530 site_monitor: end rc=1
2026-07-14 15:30:11 +0530 site_monitor: start (runner=/data/data/com.termux/files/home/site_monitor/run_daily.sh)
2026-07-14 15:36:39 +0530 site_monitor: end rc=1
2026-07-14 16:30:09 +0530 site_monitor: start (runner=/data/data/com.termux/files/home/site_monitor/run_daily.sh)
2026-07-14 16:36:29 +0530 site_monitor: end rc=1
2026-07-14 17:00:07 +0530 site_monitor: start (runner=/data/data/com.termux/files/home/site_monitor/run_daily.sh)
2026-07-14 17:07:12 +0530 site_monitor: end rc=1
2026-07-14 17:30:07 +0530 site_monitor: start (runner=/data/data/com.termux/files/home/site_monitor/run_daily.sh)
2026-07-14 17:36:31 +0530 site_monitor: end rc=1
2026-07-14 18:00:04 +0530 site_monitor: start (runner=/data/data/com.termux/files/home/site_monitor/run_daily.sh)
2026-07-14 18:06:53 +0530 site_monitor: end rc=1
2026-07-14 18:30:05 +0530 site_monitor: start (runner=/data/data/com.termux/files/home/site_monitor/run_daily.sh)
2026-07-14 18:36:45 +0530 site_monitor: end rc=1
2026-07-14 19:00:07 +0530 site_monitor: start (runner=/data/data/com.termux/files/home/site_monitor/run_daily.sh)
2026-07-14 19:06:36 +0530 site_monitor: end rc=1
2026-07-14 19:30:04 +0530 site_monitor: start (runner=/data/data/com.termux/files/home/site_monitor/run_daily.sh)
2026-07-14 19:36:03 +0530 site_monitor: end rc=1
2026-07-14 20:00:03 +0530 site_monitor: start (runner=/data/data/com.termux/files/home/site_monitor/run_daily.sh)
2026-07-14 20:06:04 +0530 site_monitor: end rc=1
2026-07-14 20:30:03 +0530 site_monitor: start (runner=/data/data/com.termux/files/home/site_monitor/run_daily.sh)
2026-07-14 20:36:15 +0530 site_monitor: end rc=1
2026-07-14 21:00:03 +0530 site_monitor: start (runner=/data/data/com.termux/files/home/site_monitor/run_daily.sh)
2026-07-14 21:06:02 +0530 site_monitor: end rc=1
2026-07-14 21:30:03 +0530 site_monitor: start (runner=/data/data/com.termux/files/home/site_monitor/run_daily.sh)
2026-07-14 21:36:07 +0530 site_monitor: end rc=1
2026-07-14 22:00:04 +0530 site_monitor: start (runner=/data/data/com.termux/files/home/site_monitor/run_daily.sh)
2026-07-14 22:06:05 +0530 site_monitor: end rc=1
2026-07-14 22:30:03 +0530 site_monitor: start (runner=/data/data/com.termux/files/home/site_monitor/run_daily.sh)
2026-07-14 22:36:10 +0530 site_monitor: end rc=1
2026-07-14 23:00:11 +0530 site_monitor: start (runner=/data/data/com.termux/files/home/site_monitor/run_daily.sh)
2026-07-14 23:06:09 +0530 site_monitor: end rc=1
2026-07-14 23:30:04 +0530 site_monitor: start (runner=/data/data/com.termux/files/home/site_monitor/run_daily.sh)
2026-07-14 23:35:58 +0530 site_monitor: end rc=1
2026-07-15 10:00:04 +0530 site_monitor: start (runner=/data/data/com.termux/files/home/site_monitor/run_daily.sh)
2026-07-15 10:00:07 +0530 site_monitor: lock held; skipping
2026-07-15 10:06:38 +0530 site_monitor: end rc=1
2026-07-15 10:30:03 +0530 site_monitor: start (runner=/data/data/com.termux/files/home/site_monitor/run_daily.sh)
2026-07-15 10:36:28 +0530 site_monitor: end rc=1
2026-07-15 11:00:04 +0530 site_monitor: start (runner=/data/data/com.termux/files/home/site_monitor/run_daily.sh)
2026-07-15 11:06:02 +0530 site_monitor: end rc=1
2026-07-15 11:30:05 +0530 site_monitor: start (runner=/data/data/com.termux/files/home/site_monitor/run_daily.sh)
2026-07-15 11:36:19 +0530 site_monitor: end rc=1
2026-07-15 12:00:04 +0530 site_monitor: start (runner=/data/data/com.termux/files/home/site_monitor/run_daily.sh)
2026-07-15 12:06:15 +0530 site_monitor: end rc=1
2026-07-15 12:30:04 +0530 site_monitor: start (runner=/data/data/com.termux/files/home/site_monitor/run_daily.sh)
2026-07-15 12:36:08 +0530 site_monitor: end rc=1
2026-07-15 13:00:04 +0530 site_monitor: start (runner=/data/data/com.termux/files/home/site_monitor/run_daily.sh)
2026-07-15 13:06:01 +0530 site_monitor: end rc=1
2026-07-15 13:30:04 +0530 site_monitor: start (runner=/data/data/com.termux/files/home/site_monitor/run_daily.sh)
2026-07-15 13:35:59 +0530 site_monitor: end rc=1
2026-07-15 14:00:03 +0530 site_monitor: start (runner=/data/data/com.termux/files/home/site_monitor/run_daily.sh)
2026-07-15 14:06:17 +0530 site_monitor: end rc=1
2026-07-15 14:30:05 +0530 site_monitor: start (runner=/data/data/com.termux/files/home/site_monitor/run_daily.sh)
2026-07-15 14:36:10 +0530 site_monitor: end rc=1
2026-07-15 15:30:05 +0530 site_monitor: start (runner=/data/data/com.termux/files/home/site_monitor/run_daily.sh)
2026-07-15 15:36:06 +0530 site_monitor: end rc=1
2026-07-15 16:00:04 +0530 site_monitor: start (runner=/data/data/com.termux/files/home/site_monitor/run_daily.sh)
2026-07-15 16:06:14 +0530 site_monitor: end rc=1
2026-07-15 16:30:04 +0530 site_monitor: start (runner=/data/data/com.termux/files/home/site_monitor/run_daily.sh)
2026-07-15 16:36:30 +0530 site_monitor: end rc=1
2026-07-15 17:00:04 +0530 site_monitor: start (runner=/data/data/com.termux/files/home/site_monitor/run_daily.sh)
2026-07-15 17:06:41 +0530 site_monitor: end rc=1
2026-07-15 17:30:03 +0530 site_monitor: start (runner=/data/data/com.termux/files/home/site_monitor/run_daily.sh)
2026-07-15 17:35:56 +0530 site_monitor: end rc=1
2026-07-15 18:00:03 +0530 site_monitor: start (runner=/data/data/com.termux/files/home/site_monitor/run_daily.sh)
2026-07-15 18:06:05 +0530 site_monitor: end rc=1
2026-07-15 18:30:04 +0530 site_monitor: start (runner=/data/data/com.termux/files/home/site_monitor/run_daily.sh)
2026-07-15 18:36:17 +0530 site_monitor: end rc=1
2026-07-15 19:00:08 +0530 site_monitor: start (runner=/data/data/com.termux/files/home/site_monitor/run_daily.sh)
2026-07-15 19:06:16 +0530 site_monitor: end rc=1
2026-07-15 19:30:04 +0530 site_monitor: start (runner=/data/data/com.termux/files/home/site_monitor/run_daily.sh)
2026-07-15 19:35:57 +0530 site_monitor: end rc=1
2026-07-15 20:00:04 +0530 site_monitor: start (runner=/data/data/com.termux/files/home/site_monitor/run_daily.sh)
2026-07-15 20:06:07 +0530 site_monitor: end rc=1
2026-07-15 20:30:04 +0530 site_monitor: start (runner=/data/data/com.termux/files/home/site_monitor/run_daily.sh)
2026-07-15 20:36:20 +0530 site_monitor: end rc=1
2026-07-15 21:00:04 +0530 site_monitor: start (runner=/data/data/com.termux/files/home/site_monitor/run_daily.sh)
2026-07-15 21:05:58 +0530 site_monitor: end rc=1
2026-07-15 21:30:03 +0530 site_monitor: start (runner=/data/data/com.termux/files/home/site_monitor/run_daily.sh)
2026-07-15 21:35:58 +0530 site_monitor: end rc=1
2026-07-15 22:00:04 +0530 site_monitor: start (runner=/data/data/com.termux/files/home/site_monitor/run_daily.sh)
2026-07-15 22:05:59 +0530 site_monitor: end rc=1
2026-07-15 22:30:03 +0530 site_monitor: start (runner=/data/data/com.termux/files/home/site_monitor/run_daily.sh)
2026-07-15 22:36:02 +0530 site_monitor: end rc=1
2026-07-15 23:00:03 +0530 site_monitor: start (runner=/data/data/com.termux/files/home/site_monitor/run_daily.sh)
2026-07-15 23:05:55 +0530 site_monitor: end rc=1
2026-07-15 23:30:03 +0530 site_monitor: start (runner=/data/data/com.termux/files/home/site_monitor/run_daily.sh)
2026-07-15 23:35:58 +0530 site_monitor: end rc=1
2026-07-16 10:00:05 +0530 site_monitor: start (runner=/data/data/com.termux/files/home/site_monitor/run_daily.sh)
2026-07-16 10:00:11 +0530 site_monitor: lock held; skipping
2026-07-16 10:06:00 +0530 site_monitor: end rc=1
2026-07-16 10:30:04 +0530 site_monitor: start (runner=/data/data/com.termux/files/home/site_monitor/run_daily.sh)
2026-07-16 10:36:11 +0530 site_monitor: end rc=1
2026-07-16 11:00:03 +0530 site_monitor: start (runner=/data/data/com.termux/files/home/site_monitor/run_daily.sh)
2026-07-16 11:06:21 +0530 site_monitor: end rc=1
2026-07-16 11:30:04 +0530 site_monitor: start (runner=/data/data/com.termux/files/home/site_monitor/run_daily.sh)
2026-07-16 11:36:35 +0530 site_monitor: end rc=1
2026-07-16 12:00:04 +0530 site_monitor: start (runner=/data/data/com.termux/files/home/site_monitor/run_daily.sh)
2026-07-16 12:06:05 +0530 site_monitor: end rc=1
2026-07-16 12:30:08 +0530 site_monitor: start (runner=/data/data/com.termux/files/home/site_monitor/run_daily.sh)
2026-07-16 12:36:31 +0530 site_monitor: end rc=1
2026-07-16 13:00:04 +0530 site_monitor: start (runner=/data/data/com.termux/files/home/site_monitor/run_daily.sh)
2026-07-16 13:06:00 +0530 site_monitor: end rc=1
2026-07-16 13:30:08 +0530 site_monitor: start (runner=/data/data/com.termux/files/home/site_monitor/run_daily.sh)
2026-07-16 13:36:05 +0530 site_monitor: end rc=1
2026-07-16 14:00:05 +0530 site_monitor: start (runner=/data/data/com.termux/files/home/site_monitor/run_daily.sh)
2026-07-16 14:06:10 +0530 site_monitor: end rc=1
2026-07-16 14:30:03 +0530 site_monitor: start (runner=/data/data/com.termux/files/home/site_monitor/run_daily.sh)
2026-07-16 14:36:09 +0530 site_monitor: end rc=1
2026-07-16 15:00:05 +0530 site_monitor: start (runner=/data/data/com.termux/files/home/site_monitor/run_daily.sh)
2026-07-16 15:06:11 +0530 site_monitor: end rc=1
2026-07-16 15:30:04 +0530 site_monitor: start (runner=/data/data/com.termux/files/home/site_monitor/run_daily.sh)
2026-07-16 15:36:03 +0530 site_monitor: end rc=1
2026-07-16 16:00:05 +0530 site_monitor: start (runner=/data/data/com.termux/files/home/site_monitor/run_daily.sh)
2026-07-16 16:06:05 +0530 site_monitor: end rc=1
2026-07-16 16:30:05 +0530 site_monitor: start (runner=/data/data/com.termux/files/home/site_monitor/run_daily.sh)
2026-07-16 16:36:12 +0530 site_monitor: end rc=1
2026-07-16 17:00:04 +0530 site_monitor: start (runner=/data/data/com.termux/files/home/site_monitor/run_daily.sh)
2026-07-16 17:05:57 +0530 site_monitor: end rc=1
2026-07-16 17:30:04 +0530 site_monitor: start (runner=/data/data/com.termux/files/home/site_monitor/run_daily.sh)
2026-07-16 17:35:58 +0530 site_monitor: end rc=1
2026-07-16 18:00:05 +0530 site_monitor: start (runner=/data/data/com.termux/files/home/site_monitor/run_daily.sh)
2026-07-16 18:06:18 +0530 site_monitor: end rc=1
2026-07-16 18:30:04 +0530 site_monitor: start (runner=/data/data/com.termux/files/home/site_monitor/run_daily.sh)
2026-07-16 18:35:59 +0530 site_monitor: end rc=1
2026-07-16 19:00:09 +0530 site_monitor: start (runner=/data/data/com.termux/files/home/site_monitor/run_daily.sh)
2026-07-16 19:06:19 +0530 site_monitor: end rc=1
2026-07-16 19:30:04 +0530 site_monitor: start (runner=/data/data/com.termux/files/home/site_monitor/run_daily.sh)
2026-07-16 19:35:57 +0530 site_monitor: end rc=1
2026-07-16 20:00:03 +0530 site_monitor: start (runner=/data/data/com.termux/files/home/site_monitor/run_daily.sh)
2026-07-16 20:06:01 +0530 site_monitor: end rc=1
2026-07-16 20:30:04 +0530 site_monitor: start (runner=/data/data/com.termux/files/home/site_monitor/run_daily.sh)
2026-07-16 20:35:55 +0530 site_monitor: end rc=1
2026-07-16 21:00:03 +0530 site_monitor: start (runner=/data/data/com.termux/files/home/site_monitor/run_daily.sh)
2026-07-16 21:06:04 +0530 site_monitor: end rc=1
2026-07-16 21:30:03 +0530 site_monitor: start (runner=/data/data/com.termux/files/home/site_monitor/run_daily.sh)
2026-07-16 21:36:01 +0530 site_monitor: end rc=1
2026-07-16 22:00:04 +0530 site_monitor: start (runner=/data/data/com.termux/files/home/site_monitor/run_daily.sh)
2026-07-16 22:06:00 +0530 site_monitor: end rc=1
2026-07-16 22:30:08 +0530 site_monitor: start (runner=/data/data/com.termux/files/home/site_monitor/run_daily.sh)
2026-07-16 22:36:02 +0530 site_monitor: end rc=1
2026-07-16 23:00:03 +0530 site_monitor: start (runner=/data/data/com.termux/files/home/site_monitor/run_daily.sh)
2026-07-16 23:05:57 +0530 site_monitor: end rc=1
2026-07-16 23:30:04 +0530 site_monitor: start (runner=/data/data/com.termux/files/home/site_monitor/run_daily.sh)
2026-07-16 23:35:53 +0530 site_monitor: end rc=1
2026-07-17 10:00:01 +0530 site_monitor: start (runner=/data/data/com.termux/files/home/site_monitor/run_daily.sh)
2026-07-17 10:00:03 +0530 site_monitor: lock held; skipping
2026-07-17 10:05:57 +0530 site_monitor: end rc=1
2026-07-17 10:30:03 +0530 site_monitor: start (runner=/data/data/com.termux/files/home/site_monitor/run_daily.sh)
2026-07-17 10:36:09 +0530 site_monitor: end rc=0
2026-07-17 10:36:09 +0530 site_monitor: success (2026-07-17)
2026-07-18 10:00:01 +0530 site_monitor: start (runner=/data/data/com.termux/files/home/site_monitor/run_daily.sh)
2026-07-18 10:00:03 +0530 site_monitor: lock held; skipping
2026-07-18 10:05:58 +0530 site_monitor: end rc=1
2026-07-18 10:30:04 +0530 site_monitor: start (runner=/data/data/com.termux/files/home/site_monitor/run_daily.sh)
2026-07-18 10:36:10 +0530 site_monitor: end rc=1
2026-07-18 11:00:04 +0530 site_monitor: start (runner=/data/data/com.termux/files/home/site_monitor/run_daily.sh)
2026-07-18 11:06:11 +0530 site_monitor: end rc=1
2026-07-18 11:30:04 +0530 site_monitor: start (runner=/data/data/com.termux/files/home/site_monitor/run_daily.sh)
2026-07-18 11:36:10 +0530 site_monitor: end rc=1
2026-07-18 12:00:03 +0530 site_monitor: start (runner=/data/data/com.termux/files/home/site_monitor/run_daily.sh)
2026-07-18 12:05:57 +0530 site_monitor: end rc=1
2026-07-18 12:30:03 +0530 site_monitor: start (runner=/data/data/com.termux/files/home/site_monitor/run_daily.sh)
2026-07-18 12:36:00 +0530 site_monitor: end rc=1
2026-07-18 13:00:05 +0530 site_monitor: start (runner=/data/data/com.termux/files/home/site_monitor/run_daily.sh)
2026-07-18 13:06:03 +0530 site_monitor: end rc=1
2026-07-18 13:30:10 +0530 site_monitor: start (runner=/data/data/com.termux/files/home/site_monitor/run_daily.sh)
2026-07-18 13:36:13 +0530 site_monitor: end rc=1
2026-07-18 14:00:03 +0530 site_monitor: start (runner=/data/data/com.termux/files/home/site_monitor/run_daily.sh)
2026-07-18 14:06:08 +0530 site_monitor: end rc=1
2026-07-18 14:30:03 +0530 site_monitor: start (runner=/data/data/com.termux/files/home/site_monitor/run_daily.sh)
2026-07-18 14:36:10 +0530 site_monitor: end rc=1
2026-07-18 15:30:04 +0530 site_monitor: start (runner=/data/data/com.termux/files/home/site_monitor/run_daily.sh)
2026-07-18 15:36:18 +0530 site_monitor: end rc=1
2026-07-18 16:00:05 +0530 site_monitor: start (runner=/data/data/com.termux/files/home/site_monitor/run_daily.sh)
2026-07-18 16:06:11 +0530 site_monitor: end rc=1
2026-07-18 16:30:09 +0530 site_monitor: start (runner=/data/data/com.termux/files/home/site_monitor/run_daily.sh)
2026-07-18 16:36:08 +0530 site_monitor: end rc=1
2026-07-18 17:00:03 +0530 site_monitor: start (runner=/data/data/com.termux/files/home/site_monitor/run_daily.sh)
2026-07-18 17:03:02 +0530 site_monitor: end rc=1
2026-07-18 17:30:04 +0530 site_monitor: start (runner=/data/data/com.termux/files/home/site_monitor/run_daily.sh)
2026-07-18 17:33:02 +0530 site_monitor: end rc=1
2026-07-18 18:00:04 +0530 site_monitor: start (runner=/data/data/com.termux/files/home/site_monitor/run_daily.sh)
2026-07-18 18:03:06 +0530 site_monitor: end rc=1
2026-07-18 18:30:04 +0530 site_monitor: start (runner=/data/data/com.termux/files/home/site_monitor/run_daily.sh)
2026-07-18 18:33:11 +0530 site_monitor: end rc=1
2026-07-18 19:00:04 +0530 site_monitor: start (runner=/data/data/com.termux/files/home/site_monitor/run_daily.sh)
2026-07-18 19:03:03 +0530 site_monitor: end rc=1
2026-07-18 19:30:03 +0530 site_monitor: start (runner=/data/data/com.termux/files/home/site_monitor/run_daily.sh)
2026-07-18 19:33:03 +0530 site_monitor: end rc=1
2026-07-18 20:00:04 +0530 site_monitor: start (runner=/data/data/com.termux/files/home/site_monitor/run_daily.sh)
2026-07-18 20:03:03 +0530 site_monitor: end rc=1
2026-07-18 20:30:04 +0530 site_monitor: start (runner=/data/data/com.termux/files/home/site_monitor/run_daily.sh)
2026-07-18 20:33:05 +0530 site_monitor: end rc=1
2026-07-18 21:00:04 +0530 site_monitor: start (runner=/data/data/com.termux/files/home/site_monitor/run_daily.sh)
2026-07-18 21:03:01 +0530 site_monitor: end rc=1
2026-07-18 21:30:04 +0530 site_monitor: start (runner=/data/data/com.termux/files/home/site_monitor/run_daily.sh)
2026-07-18 21:33:03 +0530 site_monitor: end rc=1
2026-07-18 22:00:03 +0530 site_monitor: start (runner=/data/data/com.termux/files/home/site_monitor/run_daily.sh)
2026-07-18 22:03:06 +0530 site_monitor: end rc=1
2026-07-18 22:30:04 +0530 site_monitor: start (runner=/data/data/com.termux/files/home/site_monitor/run_daily.sh)
2026-07-18 22:33:03 +0530 site_monitor: end rc=1
2026-07-18 23:00:03 +0530 site_monitor: start (runner=/data/data/com.termux/files/home/site_monitor/run_daily.sh)
2026-07-18 23:03:04 +0530 site_monitor: end rc=1
2026-07-18 23:30:04 +0530 site_monitor: start (runner=/data/data/com.termux/files/home/site_monitor/run_daily.sh)
2026-07-18 23:33:05 +0530 site_monitor: end rc=1
2026-07-19 10:00:03 +0530 site_monitor: start (runner=/data/data/com.termux/files/home/site_monitor/run_daily.sh)
2026-07-19 10:00:10 +0530 site_monitor: lock held; skipping
2026-07-19 10:06:12 +0530 site_monitor: end rc=1
2026-07-19 10:30:07 +0530 site_monitor: start (runner=/data/data/com.termux/files/home/site_monitor/run_daily.sh)
2026-07-19 10:36:07 +0530 site_monitor: end rc=1
2026-07-19 11:00:04 +0530 site_monitor: start (runner=/data/data/com.termux/files/home/site_monitor/run_daily.sh)
2026-07-19 11:05:50 +0530 site_monitor: end rc=1
2026-07-19 11:30:03 +0530 site_monitor: start (runner=/data/data/com.termux/files/home/site_monitor/run_daily.sh)
2026-07-19 11:35:59 +0530 site_monitor: end rc=1
2026-07-19 12:00:03 +0530 site_monitor: start (runner=/data/data/com.termux/files/home/site_monitor/run_daily.sh)
2026-07-19 12:05:58 +0530 site_monitor: end rc=1
2026-07-19 12:30:09 +0530 site_monitor: start (runner=/data/data/com.termux/files/home/site_monitor/run_daily.sh)
2026-07-19 12:36:00 +0530 site_monitor: end rc=1
2026-07-19 13:00:03 +0530 site_monitor: start (runner=/data/data/com.termux/files/home/site_monitor/run_daily.sh)
2026-07-19 13:05:55 +0530 site_monitor: end rc=1
2026-07-19 13:30:04 +0530 site_monitor: start (runner=/data/data/com.termux/files/home/site_monitor/run_daily.sh)
2026-07-19 13:36:00 +0530 site_monitor: end rc=1
2026-07-19 14:00:03 +0530 site_monitor: start (runner=/data/data/com.termux/files/home/site_monitor/run_daily.sh)
2026-07-19 14:05:57 +0530 site_monitor: end rc=1
2026-07-19 14:30:03 +0530 site_monitor: start (runner=/data/data/com.termux/files/home/site_monitor/run_daily.sh)
2026-07-19 14:35:57 +0530 site_monitor: end rc=1
2026-07-19 15:00:07 +0530 site_monitor: start (runner=/data/data/com.termux/files/home/site_monitor/run_daily.sh)
2026-07-19 15:05:57 +0530 site_monitor: end rc=1
2026-07-19 15:30:03 +0530 site_monitor: start (runner=/data/data/com.termux/files/home/site_monitor/run_daily.sh)
2026-07-19 15:36:03 +0530 site_monitor: end rc=1
2026-07-19 16:00:04 +0530 site_monitor: start (runner=/data/data/com.termux/files/home/site_monitor/run_daily.sh)
2026-07-19 16:05:55 +0530 site_monitor: end rc=1
2026-07-19 16:30:03 +0530 site_monitor: start (runner=/data/data/com.termux/files/home/site_monitor/run_daily.sh)
2026-07-19 16:35:58 +0530 site_monitor: end rc=1
2026-07-19 17:00:04 +0530 site_monitor: start (runner=/data/data/com.termux/files/home/site_monitor/run_daily.sh)
2026-07-19 17:06:01 +0530 site_monitor: end rc=1
2026-07-19 17:30:06 +0530 site_monitor: start (runner=/data/data/com.termux/files/home/site_monitor/run_daily.sh)
2026-07-19 17:35:58 +0530 site_monitor: end rc=1
2026-07-19 18:00:03 +0530 site_monitor: start (runner=/data/data/com.termux/files/home/site_monitor/run_daily.sh)
2026-07-19 18:06:02 +0530 site_monitor: end rc=1
2026-07-19 18:30:03 +0530 site_monitor: start (runner=/data/data/com.termux/files/home/site_monitor/run_daily.sh)
2026-07-19 18:35:58 +0530 site_monitor: end rc=1
2026-07-19 19:00:04 +0530 site_monitor: start (runner=/data/data/com.termux/files/home/site_monitor/run_daily.sh)
2026-07-19 19:05:59 +0530 site_monitor: end rc=1
2026-07-19 19:30:04 +0530 site_monitor: start (runner=/data/data/com.termux/files/home/site_monitor/run_daily.sh)
2026-07-19 19:35:54 +0530 site_monitor: end rc=1
2026-07-19 20:00:04 +0530 site_monitor: start (runner=/data/data/com.termux/files/home/site_monitor/run_daily.sh)
2026-07-19 20:06:01 +0530 site_monitor: end rc=1
2026-07-19 20:30:04 +0530 site_monitor: start (runner=/data/data/com.termux/files/home/site_monitor/run_daily.sh)
2026-07-19 20:35:55 +0530 site_monitor: end rc=1
2026-07-19 21:00:07 +0530 site_monitor: start (runner=/data/data/com.termux/files/home/site_monitor/run_daily.sh)
2026-07-19 21:06:08 +0530 site_monitor: end rc=1
2026-07-19 21:30:07 +0530 site_monitor: start (runner=/data/data/com.termux/files/home/site_monitor/run_daily.sh)
2026-07-19 21:36:02 +0530 site_monitor: end rc=1
2026-07-19 22:00:03 +0530 site_monitor: start (runner=/data/data/com.termux/files/home/site_monitor/run_daily.sh)
2026-07-19 22:05:55 +0530 site_monitor: end rc=1
2026-07-19 22:30:03 +0530 site_monitor: start (runner=/data/data/com.termux/files/home/site_monitor/run_daily.sh)
2026-07-19 22:35:58 +0530 site_monitor: end rc=1
2026-07-19 23:00:03 +0530 site_monitor: start (runner=/data/data/com.termux/files/home/site_monitor/run_daily.sh)
2026-07-19 23:05:54 +0530 site_monitor: end rc=1
2026-07-19 23:30:06 +0530 site_monitor: start (runner=/data/data/com.termux/files/home/site_monitor/run_daily.sh)
2026-07-19 23:35:58 +0530 site_monitor: end rc=1
2026-07-20 16:20:55 +0530 site_monitor: start (runner=/data/data/com.termux/files/home/site_monitor/run_daily.sh)
2026-07-20 16:26:58 +0530 site_monitor: end rc=1
2026-07-20 17:00:04 +0530 site_monitor: start (runner=/data/data/com.termux/files/home/site_monitor/run_daily.sh)
2026-07-20 17:07:23 +0530 site_monitor: end rc=1
2026-07-20 17:30:06 +0530 site_monitor: start (runner=/data/data/com.termux/files/home/site_monitor/run_daily.sh)
2026-07-20 17:36:58 +0530 site_monitor: end rc=1
2026-07-20 18:00:08 +0530 site_monitor: start (runner=/data/data/com.termux/files/home/site_monitor/run_daily.sh)
2026-07-20 18:06:35 +0530 site_monitor: end rc=1
2026-07-20 19:30:03 +0530 site_monitor: start (runner=/data/data/com.termux/files/home/site_monitor/run_daily.sh)
2026-07-20 19:35:58 +0530 site_monitor: end rc=1
2026-07-20 20:00:04 +0530 site_monitor: start (runner=/data/data/com.termux/files/home/site_monitor/run_daily.sh)
2026-07-20 20:06:01 +0530 site_monitor: end rc=1
2026-07-20 20:30:08 +0530 site_monitor: start (runner=/data/data/com.termux/files/home/site_monitor/run_daily.sh)
2026-07-20 20:36:01 +0530 site_monitor: end rc=1
2026-07-20 21:00:03 +0530 site_monitor: start (runner=/data/data/com.termux/files/home/site_monitor/run_daily.sh)
2026-07-20 21:05:54 +0530 site_monitor: end rc=1
2026-07-20 21:30:04 +0530 site_monitor: start (runner=/data/data/com.termux/files/home/site_monitor/run_daily.sh)
2026-07-20 21:35:53 +0530 site_monitor: end rc=1
2026-07-20 22:00:03 +0530 site_monitor: start (runner=/data/data/com.termux/files/home/site_monitor/run_daily.sh)
2026-07-20 22:05:56 +0530 site_monitor: end rc=1
2026-07-20 22:30:06 +0530 site_monitor: start (runner=/data/data/com.termux/files/home/site_monitor/run_daily.sh)
2026-07-20 22:35:56 +0530 site_monitor: end rc=1
2026-07-20 23:00:04 +0530 site_monitor: start (runner=/data/data/com.termux/files/home/site_monitor/run_daily.sh)
2026-07-20 23:05:59 +0530 site_monitor: end rc=1
2026-07-20 23:30:04 +0530 site_monitor: start (runner=/data/data/com.termux/files/home/site_monitor/run_daily.sh)
2026-07-20 23:36:00 +0530 site_monitor: end rc=1
2026-07-21 10:00:01 +0530 site_monitor: start (runner=/data/data/com.termux/files/home/site_monitor/run_daily.sh)
2026-07-21 10:00:03 +0530 site_monitor: lock held; skipping
2026-07-21 10:06:10 +0530 site_monitor: end rc=1
2026-07-21 10:30:04 +0530 site_monitor: start (runner=/data/data/com.termux/files/home/site_monitor/run_daily.sh)
2026-07-21 10:36:17 +0530 site_monitor: end rc=1
2026-07-21 11:00:02 +0530 site_monitor: start (runner=/data/data/com.termux/files/home/site_monitor/run_daily.sh)
2026-07-21 11:06:24 +0530 site_monitor: end rc=1
2026-07-21 11:30:05 +0530 site_monitor: start (runner=/data/data/com.termux/files/home/site_monitor/run_daily.sh)
2026-07-21 11:36:30 +0530 site_monitor: end rc=1
2026-07-21 12:00:07 +0530 site_monitor: start (runner=/data/data/com.termux/files/home/site_monitor/run_daily.sh)
2026-07-21 12:06:24 +0530 site_monitor: end rc=1
2026-07-21 12:30:03 +0530 site_monitor: start (runner=/data/data/com.termux/files/home/site_monitor/run_daily.sh)
2026-07-21 12:36:23 +0530 site_monitor: end rc=1
2026-07-21 13:00:04 +0530 site_monitor: start (runner=/data/data/com.termux/files/home/site_monitor/run_daily.sh)
2026-07-21 13:05:58 +0530 site_monitor: end rc=1
2026-07-21 13:30:04 +0530 site_monitor: start (runner=/data/data/com.termux/files/home/site_monitor/run_daily.sh)
2026-07-21 13:36:04 +0530 site_monitor: end rc=1
2026-07-21 14:00:03 +0530 site_monitor: start (runner=/data/data/com.termux/files/home/site_monitor/run_daily.sh)
2026-07-21 14:06:11 +0530 site_monitor: end rc=1
2026-07-21 14:30:04 +0530 site_monitor: start (runner=/data/data/com.termux/files/home/site_monitor/run_daily.sh)
2026-07-21 14:36:08 +0530 site_monitor: end rc=1
2026-07-21 15:00:03 +0530 site_monitor: start (runner=/data/data/com.termux/files/home/site_monitor/run_daily.sh)
2026-07-21 15:07:17 +0530 site_monitor: end rc=1
2026-07-21 15:30:11 +0530 site_monitor: start (runner=/data/data/com.termux/files/home/site_monitor/run_daily.sh)
2026-07-21 15:37:54 +0530 site_monitor: end rc=1
2026-07-21 16:30:04 +0530 site_monitor: start (runner=/data/data/com.termux/files/home/site_monitor/run_daily.sh)
2026-07-21 16:35:22 +0530 site_monitor: end rc=1
2026-07-21 17:00:04 +0530 site_monitor: start (runner=/data/data/com.termux/files/home/site_monitor/run_daily.sh)
2026-07-21 17:04:56 +0530 site_monitor: end rc=1
2026-07-21 17:30:08 +0530 site_monitor: start (runner=/data/data/com.termux/files/home/site_monitor/run_daily.sh)
2026-07-21 17:36:24 +0530 site_monitor: end rc=1
2026-07-21 18:00:13 +0530 site_monitor: start (runner=/data/data/com.termux/files/home/site_monitor/run_daily.sh)
2026-07-21 18:06:19 +0530 site_monitor: end rc=1
2026-07-21 18:30:04 +0530 site_monitor: start (runner=/data/data/com.termux/files/home/site_monitor/run_daily.sh)
2026-07-21 18:36:25 +0530 site_monitor: end rc=1
2026-07-21 19:00:03 +0530 site_monitor: start (runner=/data/data/com.termux/files/home/site_monitor/run_daily.sh)
2026-07-21 19:06:13 +0530 site_monitor: end rc=1
2026-07-21 19:30:06 +0530 site_monitor: start (runner=/data/data/com.termux/files/home/site_monitor/run_daily.sh)
2026-07-21 19:36:06 +0530 site_monitor: end rc=1
2026-07-21 20:00:03 +0530 site_monitor: start (runner=/data/data/com.termux/files/home/site_monitor/run_daily.sh)
2026-07-21 20:06:02 +0530 site_monitor: end rc=1
2026-07-21 20:30:03 +0530 site_monitor: start (runner=/data/data/com.termux/files/home/site_monitor/run_daily.sh)
2026-07-21 20:36:04 +0530 site_monitor: end rc=1
2026-07-21 21:00:03 +0530 site_monitor: start (runner=/data/data/com.termux/files/home/site_monitor/run_daily.sh)
2026-07-21 21:06:00 +0530 site_monitor: end rc=1
2026-07-21 21:30:04 +0530 site_monitor: start (runner=/data/data/com.termux/files/home/site_monitor/run_daily.sh)
2026-07-21 21:36:07 +0530 site_monitor: end rc=1
2026-07-21 22:00:03 +0530 site_monitor: start (runner=/data/data/com.termux/files/home/site_monitor/run_daily.sh)
2026-07-21 22:06:01 +0530 site_monitor: end rc=1
2026-07-21 22:30:04 +0530 site_monitor: start (runner=/data/data/com.termux/files/home/site_monitor/run_daily.sh)
2026-07-21 22:35:59 +0530 site_monitor: end rc=1
2026-07-21 23:00:07 +0530 site_monitor: start (runner=/data/data/com.termux/files/home/site_monitor/run_daily.sh)
2026-07-21 23:05:57 +0530 site_monitor: end rc=1
2026-07-21 23:30:05 +0530 site_monitor: start (runner=/data/data/com.termux/files/home/site_monitor/run_daily.sh)
2026-07-21 23:36:03 +0530 site_monitor: end rc=1
2026-07-22 10:00:02 +0530 site_monitor: start (runner=/data/data/com.termux/files/home/site_monitor/run_daily.sh)
2026-07-22 10:00:05 +0530 site_monitor: lock held; skipping
2026-07-22 10:06:16 +0530 site_monitor: end rc=0
2026-07-22 10:06:16 +0530 site_monitor: success (2026-07-22)
2026-07-23 10:00:02 +0530 site_monitor: start (runner=/data/data/com.termux/files/home/site_monitor/run_daily.sh)
2026-07-23 10:00:04 +0530 site_monitor: lock held; skipping
2026-07-23 10:06:04 +0530 site_monitor: end rc=1
2026-07-23 10:30:05 +0530 site_monitor: start (runner=/data/data/com.termux/files/home/site_monitor/run_daily.sh)
2026-07-23 10:36:18 +0530 site_monitor: end rc=1
2026-07-23 11:00:04 +0530 site_monitor: start (runner=/data/data/com.termux/files/home/site_monitor/run_daily.sh)
2026-07-23 11:06:16 +0530 site_monitor: end rc=1
2026-07-23 11:30:04 +0530 site_monitor: start (runner=/data/data/com.termux/files/home/site_monitor/run_daily.sh)
2026-07-23 11:36:24 +0530 site_monitor: end rc=1
2026-07-23 12:00:05 +0530 site_monitor: start (runner=/data/data/com.termux/files/home/site_monitor/run_daily.sh)
2026-07-23 12:06:12 +0530 site_monitor: end rc=1
2026-07-23 12:30:05 +0530 site_monitor: start (runner=/data/data/com.termux/files/home/site_monitor/run_daily.sh)
2026-07-23 12:36:12 +0530 site_monitor: end rc=1
2026-07-23 13:00:06 +0530 site_monitor: start (runner=/data/data/com.termux/files/home/site_monitor/run_daily.sh)
2026-07-23 13:06:02 +0530 site_monitor: end rc=1
2026-07-23 13:30:04 +0530 site_monitor: start (runner=/data/data/com.termux/files/home/site_monitor/run_daily.sh)
2026-07-23 13:36:25 +0530 site_monitor: end rc=1
2026-07-23 14:00:04 +0530 site_monitor: start (runner=/data/data/com.termux/files/home/site_monitor/run_daily.sh)
2026-07-23 14:06:07 +0530 site_monitor: end rc=1
2026-07-23 14:30:05 +0530 site_monitor: start (runner=/data/data/com.termux/files/home/site_monitor/run_daily.sh)
2026-07-23 14:36:06 +0530 site_monitor: end rc=1
2026-07-23 15:00:05 +0530 site_monitor: start (runner=/data/data/com.termux/files/home/site_monitor/run_daily.sh)
2026-07-23 15:06:38 +0530 site_monitor: end rc=1
2026-07-23 15:30:04 +0530 site_monitor: start (runner=/data/data/com.termux/files/home/site_monitor/run_daily.sh)
2026-07-23 15:36:03 +0530 site_monitor: end rc=1
2026-07-23 16:00:05 +0530 site_monitor: start (runner=/data/data/com.termux/files/home/site_monitor/run_daily.sh)
2026-07-23 16:06:15 +0530 site_monitor: end rc=1
2026-07-23 16:30:05 +0530 site_monitor: start (runner=/data/data/com.termux/files/home/site_monitor/run_daily.sh)
2026-07-23 16:35:34 +0530 site_monitor: end rc=1
2026-07-23 17:00:03 +0530 site_monitor: start (runner=/data/data/com.termux/files/home/site_monitor/run_daily.sh)
2026-07-23 17:05:12 +0530 site_monitor: end rc=1
2026-07-23 17:30:03 +0530 site_monitor: start (runner=/data/data/com.termux/files/home/site_monitor/run_daily.sh)
2026-07-23 17:35:48 +0530 site_monitor: end rc=1
2026-07-23 18:00:03 +0530 site_monitor: start (runner=/data/data/com.termux/files/home/site_monitor/run_daily.sh)
2026-07-23 18:05:51 +0530 site_monitor: end rc=1
2026-07-23 18:30:04 +0530 site_monitor: start (runner=/data/data/com.termux/files/home/site_monitor/run_daily.sh)
2026-07-23 18:36:10 +0530 site_monitor: end rc=1
2026-07-23 19:00:03 +0530 site_monitor: start (runner=/data/data/com.termux/files/home/site_monitor/run_daily.sh)
2026-07-23 19:06:07 +0530 site_monitor: end rc=1
2026-07-23 19:30:03 +0530 site_monitor: start (runner=/data/data/com.termux/files/home/site_monitor/run_daily.sh)
2026-07-23 19:36:03 +0530 site_monitor: end rc=1
2026-07-23 20:00:03 +0530 site_monitor: start (runner=/data/data/com.termux/files/home/site_monitor/run_daily.sh)
2026-07-23 20:06:01 +0530 site_monitor: end rc=1
2026-07-23 20:30:03 +0530 site_monitor: start (runner=/data/data/com.termux/files/home/site_monitor/run_daily.sh)
2026-07-23 20:36:10 +0530 site_monitor: end rc=1
2026-07-23 21:00:04 +0530 site_monitor: start (runner=/data/data/com.termux/files/home/site_monitor/run_daily.sh)
2026-07-23 21:06:19 +0530 site_monitor: end rc=1
2026-07-23 21:30:04 +0530 site_monitor: start (runner=/data/data/com.termux/files/home/site_monitor/run_daily.sh)
2026-07-23 21:35:48 +0530 site_monitor: end rc=1
2026-07-23 22:00:03 +0530 site_monitor: start (runner=/data/data/com.termux/files/home/site_monitor/run_daily.sh)
2026-07-23 22:06:01 +0530 site_monitor: end rc=1
2026-07-23 22:30:03 +0530 site_monitor: start (runner=/data/data/com.termux/files/home/site_monitor/run_daily.sh)
2026-07-23 22:36:02 +0530 site_monitor: end rc=1
2026-07-23 23:00:04 +0530 site_monitor: start (runner=/data/data/com.termux/files/home/site_monitor/run_daily.sh)
2026-07-23 23:05:34 +0530 site_monitor: end rc=1
2026-07-23 23:30:03 +0530 site_monitor: start (runner=/data/data/com.termux/files/home/site_monitor/run_daily.sh)
2026-07-23 23:35:49 +0530 site_monitor: end rc=1
2026-07-24 10:00:01 +0530 site_monitor: start (runner=/data/data/com.termux/files/home/site_monitor/run_daily.sh)
2026-07-24 10:00:03 +0530 site_monitor: lock held; skipping
2026-07-24 10:05:58 +0530 site_monitor: end rc=1
2026-07-24 10:30:05 +0530 site_monitor: start (runner=/data/data/com.termux/files/home/site_monitor/run_daily.sh)
2026-07-24 10:36:18 +0530 site_monitor: end rc=1
2026-07-24 11:00:03 +0530 site_monitor: start (runner=/data/data/com.termux/files/home/site_monitor/run_daily.sh)
2026-07-24 11:05:56 +0530 site_monitor: end rc=1
2026-07-24 11:30:03 +0530 site_monitor: start (runner=/data/data/com.termux/files/home/site_monitor/run_daily.sh)
2026-07-24 11:36:09 +0530 site_monitor: end rc=1
2026-07-24 12:00:03 +0530 site_monitor: start (runner=/data/data/com.termux/files/home/site_monitor/run_daily.sh)
2026-07-24 12:06:05 +0530 site_monitor: end rc=1
2026-07-24 12:30:10 +0530 site_monitor: start (runner=/data/data/com.termux/files/home/site_monitor/run_daily.sh)
2026-07-24 12:36:20 +0530 site_monitor: end rc=1
2026-07-24 13:00:04 +0530 site_monitor: start (runner=/data/data/com.termux/files/home/site_monitor/run_daily.sh)
2026-07-27 11:39:20 +0530 site_monitor: start (runner=/data/data/com.termux/files/home/site_monitor/run_daily.sh)
2026-07-27 11:45:33 +0530 site_monitor: end rc=1
2026-07-27 12:00:03 +0530 site_monitor: start (runner=/data/data/com.termux/files/home/site_monitor/run_daily.sh)
2026-07-27 12:05:38 +0530 site_monitor: end rc=1
2026-07-27 12:30:09 +0530 site_monitor: start (runner=/data/data/com.termux/files/home/site_monitor/run_daily.sh)
2026-07-27 12:36:16 +0530 site_monitor: end rc=1
2026-07-27 13:00:03 +0530 site_monitor: start (runner=/data/data/com.termux/files/home/site_monitor/run_daily.sh)
2026-07-27 13:03:26 +0530 site_monitor: lock held; skipping
2026-07-27 13:06:11 +0530 site_monitor: end rc=0
2026-07-27 13:06:11 +0530 site_monitor: success (2026-07-27)
2026-07-28 10:00:01 +0530 site_monitor: start (runner=/data/data/com.termux/files/home/site_monitor/run_daily.sh)
2026-07-28 10:00:03 +0530 site_monitor: lock held; skipping
2026-07-28 10:24:20 +0530 site_monitor: end rc=0
2026-07-28 10:24:20 +0530 site_monitor: success (2026-07-28)
2026-07-29 10:00:01 +0530 site_monitor: start (runner=/data/data/com.termux/files/home/site_monitor/run_daily.sh)
2026-07-29 10:00:03 +0530 site_monitor: lock held; skipping
2026-07-29 10:26:08 +0530 site_monitor: end rc=0
2026-07-29 10:26:08 +0530 site_monitor: success (2026-07-29)
2026-07-30 10:00:01 +0530 site_monitor: start (runner=/data/data/com.termux/files/home/site_monitor/run_daily.sh)
2026-07-30 10:00:03 +0530 site_monitor: lock held; skipping
2026-07-30 10:24:46 +0530 site_monitor: end rc=0
2026-07-30 10:24:46 +0530 site_monitor: success (2026-07-30)
2026-07-31 10:00:02 +0530 site_monitor: start (runner=/data/data/com.termux/files/home/site_monitor/run_daily.sh)
2026-07-31 10:00:03 +0530 site_monitor: lock held; skipping
2026-07-31 10:25:04 +0530 site_monitor: end rc=0
2026-07-31 10:25:04 +0530 site_monitor: success (2026-07-31)
